<?php

namespace Tests\ModuleModule;

use Tester\Assert;

require __DIR__ . '/../bootstrap.php';

/**
 * @testCase
 */
class PresenterPresenterTest extends \Tester\TestCase
{
	use \Testbench\TPresenter;

	public function testRenderDefault()
	{
		$this->checkAction('Module:Presenter:default');
	}
}

(new PresenterPresenterTest)->run();
