<?php

namespace Tests;

use Tester\Assert;

require __DIR__ . '/bootstrap.php';

/**
 * @testCase
 */
class ScaffoldPresenterTest extends \Tester\TestCase
{
	use \Testbench\TPresenter;

	public function testRenderDefault()
	{
		//FIXME: parameters may not be correct
		$this->checkAction('Scaffold:default', ['variable' => null, 'optional' => 'optionalValue', 'nullable' => null, 'const' => 'xyz']);

		$this->checkAction('Scaffold:default', ['variable' => null]);
	}
}

(new ScaffoldPresenterTest)->run();
